--------------------------------------------------------------------------------
Release 14.7 Trace  (nt64)
Copyright (c) 1995-2013 Xilinx, Inc.  All rights reserved.

D:\Xilinx\14.7\ISE_DS\ISE\bin\nt64\unwrapped\trce.exe -intstyle ise -v 3 -s 3
-n 3 -fastpaths -xml Top.twx Top.ncd -o Top.twr Top.pcf -ucf Top.ucf

Design file:              Top.ncd
Physical constraint file: Top.pcf
Device,package,speed:     xc6slx16,csg324,C,-3 (PRODUCTION 1.23 2013-10-13)
Report level:             verbose report

Environment Variable      Effect 
--------------------      ------ 
NONE                      No environment variables were set
--------------------------------------------------------------------------------

INFO:Timing:2698 - No timing constraints found, doing default enumeration.
INFO:Timing:3412 - To improve timing, see the Timing Closure User Guide (UG612).
INFO:Timing:2752 - To get complete path coverage, use the unconstrained paths 
   option. All paths that are not constrained will be reported in the 
   unconstrained paths section(s) of the report.
INFO:Timing:3339 - The clock-to-out numbers in this timing report are based on 
   a 50 Ohm transmission line loading model.  For the details of this model, 
   and for more information on accounting for different loading conditions, 
   please see the device datasheet.



Data Sheet report:
-----------------
All values displayed in nanoseconds (ns)

Setup/Hold to clock Clk
------------+------------+------------+------------+------------+------------------+--------+
            |Max Setup to|  Process   |Max Hold to |  Process   |                  | Clock  |
Source      | clk (edge) |   Corner   | clk (edge) |   Corner   |Internal Clock(s) | Phase  |
------------+------------+------------+------------+------------+------------------+--------+
leftButton  |    4.798(R)|      SLOW  |   -1.609(R)|      FAST  |Clk_BUFGP         |   0.000|
rightButton |    4.515(R)|      SLOW  |   -1.034(R)|      FAST  |Clk_BUFGP         |   0.000|
------------+------------+------------+------------+------------+------------------+--------+

Clock Clk to Pad
------------+-----------------+------------+-----------------+------------+------------------+--------+
            |Max (slowest) clk|  Process   |Min (fastest) clk|  Process   |                  | Clock  |
Destination |  (edge) to PAD  |   Corner   |  (edge) to PAD  |   Corner   |Internal Clock(s) | Phase  |
------------+-----------------+------------+-----------------+------------+------------------+--------+
Blue<0>     |        22.450(R)|      SLOW  |         5.176(R)|      FAST  |Clk_BUFGP         |   0.000|
Blue<1>     |        21.337(R)|      SLOW  |         5.345(R)|      FAST  |Clk_BUFGP         |   0.000|
Green<0>    |        20.349(R)|      SLOW  |         4.752(R)|      FAST  |Clk_BUFGP         |   0.000|
Green<1>    |        20.414(R)|      SLOW  |         5.127(R)|      FAST  |Clk_BUFGP         |   0.000|
Green<2>    |        21.275(R)|      SLOW  |         5.213(R)|      FAST  |Clk_BUFGP         |   0.000|
Hsync       |         9.411(R)|      SLOW  |         5.139(R)|      FAST  |Clk_BUFGP         |   0.000|
Red<0>      |        24.892(R)|      SLOW  |         4.775(R)|      FAST  |Clk_BUFGP         |   0.000|
Red<1>      |        25.037(R)|      SLOW  |         5.162(R)|      FAST  |Clk_BUFGP         |   0.000|
Red<2>      |        22.279(R)|      SLOW  |         5.082(R)|      FAST  |Clk_BUFGP         |   0.000|
Vsync       |         9.938(R)|      SLOW  |         4.707(R)|      FAST  |Clk_BUFGP         |   0.000|
------------+-----------------+------------+-----------------+------------+------------------+--------+

Clock Rst to Pad
------------+-----------------+------------+-----------------+------------+------------------+--------+
            |Max (slowest) clk|  Process   |Min (fastest) clk|  Process   |                  | Clock  |
Destination |  (edge) to PAD  |   Corner   |  (edge) to PAD  |   Corner   |Internal Clock(s) | Phase  |
------------+-----------------+------------+-----------------+------------+------------------+--------+
Blue<0>     |        15.251(F)|      SLOW  |         8.071(F)|      FAST  |Rst_IBUF_BUFG     |   0.000|
Blue<1>     |        15.655(F)|      SLOW  |         8.255(F)|      FAST  |Rst_IBUF_BUFG     |   0.000|
Green<0>    |        14.834(F)|      SLOW  |         7.834(F)|      FAST  |Rst_IBUF_BUFG     |   0.000|
Green<1>    |        15.173(F)|      SLOW  |         8.022(F)|      FAST  |Rst_IBUF_BUFG     |   0.000|
Green<2>    |        15.392(F)|      SLOW  |         8.158(F)|      FAST  |Rst_IBUF_BUFG     |   0.000|
Red<0>      |        14.667(F)|      SLOW  |         7.670(F)|      FAST  |Rst_IBUF_BUFG     |   0.000|
Red<1>      |        16.554(F)|      SLOW  |         8.874(F)|      FAST  |Rst_IBUF_BUFG     |   0.000|
Red<2>      |        15.585(F)|      SLOW  |         8.352(F)|      FAST  |Rst_IBUF_BUFG     |   0.000|
------------+-----------------+------------+-----------------+------------+------------------+--------+

Clock to Setup on destination clock Clk
---------------+---------+---------+---------+---------+
               | Src:Rise| Src:Fall| Src:Rise| Src:Fall|
Source Clock   |Dest:Rise|Dest:Rise|Dest:Fall|Dest:Fall|
---------------+---------+---------+---------+---------+
Clk            |    6.103|         |         |         |
Rst            |    6.588|    7.896|         |         |
---------------+---------+---------+---------+---------+


Analysis completed Mon Dec 07 15:58:28 2020 
--------------------------------------------------------------------------------

Trace Settings:
-------------------------
Trace Settings 

Peak Memory Usage: 4588 MB



